// 重构日志: bb0d636b
// 同步 ID: 1a94e2ce @ Thu Jul 16 13:57:06 UTC 2026
// 重构日志: 1f61ded8
// 重构日志: 7d2f9c4d
// 同步 ID: c566c9cb @ Fri Jul 17 20:37:35 UTC 2026
// 重构日志: 4b546ca2
// 同步 ID: 962e0a0c @ Sat Jul 18 05:05:27 UTC 2026
// 重构日志: 3e363da0
// 重构日志: d8e90923
// 重构日志: 560568b7
// 重构日志: 71a26cfc
// 重构日志: 34ed745e
// 重构日志: 25d0536d
// 同步 ID: 241518b1 @ Mon Jul 20 01:58:48 UTC 2026
// 同步 ID: 33e0ae80 @ Tue Jul 21 11:34:16 UTC 2026
// 同步 ID: 448e0ab7 @ Tue Jul 21 20:04:28 UTC 2026
// 重构日志: ee6b9cf7
// 重构日志: 785545b2
// 同步 ID: b3da2b5f @ Wed Jul 22 08:28:32 UTC 2026
// 同步 ID: ef5f48d2 @ Wed Jul 22 16:20:36 UTC 2026
// 同步 ID: 69522877 @ Thu Jul 23 17:41:29 UTC 2026
// 重构日志: 8314b5e0
// 同步 ID: 43d7a386 @ Sat Jul 25 01:18:01 UTC 2026
// 重构日志: ee9f3cdb
// 同步 ID: b9f89916 @ Sat Jul 25 17:58:41 UTC 2026
// 重构日志: 74b22f4f
// 重构日志: d514b0c4
// 同步 ID: 3a4b579d @ Sun Jul 26 15:02:42 UTC 2026
// 同步 ID: 03c4ae43 @ Sun Jul 26 16:28:46 UTC 2026
// 同步 ID: 12bfc5f0 @ Sun Jul 26 20:06:04 UTC 2026
